// Jest Snapshot v1, https://goo.gl/fbAQLP

exports[`With Snapshot Testing App shows "Hello World" 1`] = `
<div
  className="block"
>
  <h1
    className="text-center"
  >
    <span
      className="block text-gray leading-tight"
    >
      Welcome to the
    </span>
    <span
      className="block bold leading-none"
    >
      Web App
    </span>
  </h1>
  <div
    className="text-center"
  >
    <a
      className="inline-block example hover:black"
      href="/submenu-one/tab-one"
      onClick={[Function]}
      onMouseEnter={[Function]}
    >
      View Settings
    </a>
  </div>
</div>
`;
